              slate      lua  node-jl   python node+jit      /lua   /node     /py
startup         5.1      2.0     16.8     15.7     16.2      2.5x    0.3x    0.3x
arith        1303.0     49.0    116.0    320.5     29.4     26.6x   11.2x    4.1x
reals        1310.9     59.2    137.5    258.9     28.6     22.1x    9.5x    5.1x
globals      1944.7    103.1     76.8    386.8     25.3     18.9x   25.3x    5.0x
funcs        1050.5     46.0    100.0    156.1     21.5     22.8x   10.5x    6.7x
fib          1902.5     81.2    175.3    204.7     35.3     23.4x   10.9x    9.3x
calls        1164.0    156.8     80.4    141.0     21.4      7.4x   14.5x    8.3x
methods      1908.9    145.7    161.3    188.5     18.6     13.1x   11.8x   10.1x
closures      861.4     47.7     80.0    134.2     19.4     18.0x   10.8x    6.4x
nested       1424.5    137.7    485.6    218.5     30.1     10.3x    2.9x    6.5x
loops        1051.0    140.3    643.0    172.1     39.5      7.5x    1.6x    6.1x
options      1769.3     88.4    123.4    253.7     26.6     20.0x   14.3x    7.0x
fields       1335.7     65.7     89.4    235.1     25.7     20.3x   14.9x    5.7x
alloc        1282.7    160.3     84.8    225.3     21.7      8.0x   15.1x    5.7x
arrays       1229.0     92.6    160.1    199.3     44.2     13.3x    7.7x    6.2x
mapset        610.1     18.6     88.0    107.0     34.1     32.7x    6.9x    5.7x
dispatch     1620.0     88.0    161.1    233.4     23.5     18.4x   10.1x    6.9x
strings       865.2    396.0     26.5    649.2     22.0      2.2x   32.6x    1.3x
strindex       11.4      2.3     17.4     14.0     16.7      4.9x    0.7x    0.8x
strwalk        13.1    152.2     18.6     15.0     16.9      0.1x    0.7x    0.9x
sorting       782.0    585.5    824.5    397.2    562.5      1.3x    0.9x    2.0x
csv           518.9    302.5    136.3     87.1    102.6      1.7x    3.8x    6.0x
branches     1387.4    105.7    324.9    394.1    217.9     13.1x    4.3x    3.5x
geomean                                                      8.8x    6.6x    4.5x
