              slate      lua  node-jl   python node+jit      /lua   /node     /py
startup         5.2      2.0     15.9     14.8     15.9      2.6x    0.3x    0.4x
arith        1270.7     48.1    114.7    308.3     28.4     26.4x   11.1x    4.1x
reals        1279.9     57.6    136.2    251.2     27.9     22.2x    9.4x    5.1x
globals      1953.8    106.3     76.6    379.0     24.4     18.4x   25.5x    5.2x
funcs        1050.0     48.8     98.9    156.5     20.0     21.5x   10.6x    6.7x
fib          1891.1     79.9    169.3    204.5     33.4     23.7x   11.2x    9.2x
calls        1156.7    153.3     77.9    138.2     19.8      7.5x   14.9x    8.4x
methods      1871.2    143.5    162.2    188.3     17.5     13.0x   11.5x    9.9x
closures      863.1     48.5     79.6    134.8     18.5     17.8x   10.8x    6.4x
nested       1405.0    130.7    459.8    195.9     25.3     10.8x    3.1x    7.2x
loops         942.5    120.1    511.0    148.9     26.9      7.8x    1.8x    6.3x
options      1495.2     84.9    107.8    224.1     22.1     17.6x   13.9x    6.7x
fields       1208.0     61.0     82.8    211.7     22.0     19.8x   14.6x    5.7x
alloc        1276.4    166.5     83.0    214.6     19.8      7.7x   15.4x    5.9x
arrays       1209.4     93.6    157.5    196.3     42.9     12.9x    7.7x    6.2x
mapset        603.1     18.0     84.4    105.0     31.8     33.5x    7.1x    5.7x
dispatch     1569.0     90.4    148.5    218.2     23.8     17.3x   10.6x    7.2x
strings      1084.0    415.3     27.1    690.3     25.9      2.6x   40.0x    1.6x
strindex       13.6      2.9     20.4     17.5     18.3      4.7x    0.7x    0.8x
strwalk        14.4    154.2     17.7     14.3     16.2      0.1x    0.8x    1.0x
sorting       778.6    581.5    819.3    384.6    554.0      1.3x    1.0x    2.0x
csv           509.9    301.6    133.2     85.2     99.8      1.7x    3.8x    6.0x
branches     1374.6    104.1    314.5    392.2    205.2     13.2x    4.4x    3.5x
geomean                                                      8.8x    6.8x    4.7x
