              slate      lua  node-jl   python node+jit      /lua   /node     /py
startup         4.5      1.8     14.2     13.2     14.2      2.6x    0.3x    0.3x
arith        1258.7     48.3    113.0    306.8     26.9     26.0x   11.1x    4.1x
reals        1258.8     59.6    134.2    249.0     25.9     21.1x    9.4x    5.1x
globals      1913.2    101.7     74.2    372.6     22.5     18.8x   25.8x    5.1x
funcs         940.7     49.0     95.8    152.6     19.0     19.2x    9.8x    6.2x
fib          1606.7     78.9    172.8    201.7     34.9     20.4x    9.3x    8.0x
calls        1144.2    155.1     76.7    138.2     19.4      7.4x   14.9x    8.3x
methods      1869.4    142.5    162.3    186.2     17.6     13.1x   11.5x   10.0x
closures      852.4     46.7     79.7    135.2     18.4     18.2x   10.7x    6.3x
nested       1389.4    133.0    463.0    197.6     25.4     10.4x    3.0x    7.0x
loops         932.1    118.4    510.0    148.7     26.4      7.9x    1.8x    6.3x
options      1376.5     84.4    108.8    219.8     22.0     16.3x   12.7x    6.3x
fields       1189.9     61.9     80.1    209.8     20.7     19.2x   14.8x    5.7x
alloc        1231.8    157.4     82.1    220.0     21.3      7.8x   15.0x    5.6x
arrays       1232.1     89.4    159.8    197.3     45.0     13.8x    7.7x    6.2x
mapset        615.6     18.2     85.0    104.3     32.0     33.8x    7.2x    5.9x
dispatch     1442.2     88.1    150.3    215.9     21.8     16.4x    9.6x    6.7x
strings       783.6    371.5     26.3    653.5     23.0      2.1x   29.8x    1.2x
strindex       11.6      2.5     18.6     14.8     17.3      4.6x    0.6x    0.8x
strwalk        12.9    157.6     18.7     14.9     17.2      0.1x    0.7x    0.9x
sorting       764.9    572.8    810.6    383.8    563.3      1.3x    0.9x    2.0x
csv           522.3    299.9    137.8     86.9    103.6      1.7x    3.8x    6.0x
branches     1359.1    106.1    325.7    397.5    217.8     12.8x    4.2x    3.4x
geomean                                                      8.5x    6.5x    4.5x
