              slate      lua  node-jl   python node+jit      /lua   /node     /py
startup         4.9      1.9     15.9     14.2     15.6      2.6x    0.3x    0.3x
arith        1265.1     49.4    116.2    311.4     29.3     25.6x   10.9x    4.1x
reals        1277.8     57.3    136.6    254.2     31.0     22.3x    9.4x    5.0x
globals      1981.0     99.8     77.7    406.8     25.7     19.8x   25.5x    4.9x
funcs         973.0     54.1    105.3    168.9     23.6     18.0x    9.2x    5.8x
fib          1704.2     86.7    183.4    214.4     37.8     19.7x    9.3x    8.0x
calls        1191.8    154.8     82.3    146.0     22.5      7.7x   14.5x    8.2x
methods      1926.5    144.5    167.9    197.3     20.6     13.3x   11.5x    9.8x
closures      875.2     46.8     82.0    140.4     21.0     18.7x   10.7x    6.2x
nested       1447.5    133.0    479.4    211.9     28.7     10.9x    3.0x    6.8x
loops         980.6    120.5    539.3    164.5     31.5      8.1x    1.8x    6.0x
options      1431.2     87.3    121.5    248.3     27.8     16.4x   11.8x    5.8x
fields       1319.2     61.4     92.7    230.8     24.8     21.5x   14.2x    5.7x
alloc        1339.8    174.4     90.0    240.9     24.1      7.7x   14.9x    5.6x
arrays       1301.1     97.1    161.8    208.2     45.7     13.4x    8.0x    6.2x
mapset        622.8     19.0     87.4    108.4     34.6     32.8x    7.1x    5.7x
dispatch     1505.5     90.1    149.2    219.2     23.4     16.7x   10.1x    6.9x
strings       937.5    395.4     26.9    654.4     23.5      2.4x   34.8x    1.4x
strindex       11.9      3.0     18.8     15.1     17.4      3.9x    0.6x    0.8x
strwalk        13.4    157.5     19.4     15.7     17.3      0.1x    0.7x    0.9x
sorting       786.2    596.2    823.8    393.2    563.3      1.3x    1.0x    2.0x
csv           531.1    333.1    152.7     95.6    108.3      1.6x    3.5x    5.6x
branches     1435.6    106.3    325.6    412.7    222.6     13.5x    4.4x    3.5x
geomean                                                      8.5x    6.5x    4.4x
